2026-08-12 20:27:13.952 [info] Python-envs extension version: 1.36.0
2026-08-12 20:27:13.953 [info] 
=== Python Envs Configuration Levels ===
2026-08-12 20:27:13.953 [info] {
  "section": "Python Envs Configuration Levels",
  "defaultEnvManager": {
    "workspaceFolderValue": "undefined",
    "workspaceValue": "undefined",
    "globalValue": "undefined",
    "defaultValue": "ms-python.python:venv"
  },
  "defaultPackageManager": {
    "workspaceFolderValue": "undefined",
    "workspaceValue": "undefined",
    "globalValue": "undefined",
    "defaultValue": "ms-python.python:pip"
  }
}
2026-08-12 20:27:13.953 [info] [pet] Starting Python Locator /home/coder/project/.vscode-data/extensions/ms-python.python-2026.4.0-universal/python-env-tools/bin/pet server
2026-08-12 20:27:13.953 [info] Registering pyenv manager (environments will be discovered lazily)
2026-08-12 20:27:13.953 [info] Registering pipenv manager (environments will be discovered lazily)
2026-08-12 20:27:13.953 [info] Registering poetry manager (environments will be discovered lazily)
2026-08-12 20:27:13.953 [error] [pet] Process error: A system error occurred (spawn /home/coder/project/.vscode-data/extensions/ms-python.python-2026.4.0-universal/python-env-tools/bin/pet ENOENT)
2026-08-12 20:27:13.953 [warning] [pet] Restarting Python Environment Tools (attempt 1/3, waiting 1000ms)
2026-08-12 20:27:14.801 [info] [pet] Starting Python Locator /home/coder/project/.vscode-data/extensions/ms-python.python-2026.4.0-universal/python-env-tools/bin/pet server
2026-08-12 20:27:14.801 [info] [pet] Python Environment Tools restarted successfully
2026-08-12 20:27:14.806 [info] [pet] configure: Sending configuration update: {"workspaceDirectories":["/home/coder/project"],"environmentDirectories":["/home/coder/project/.venv","/home/coder/project/*/.venv"],"pipenvExecutable":"pipenv","poetryExecutable":"poetry","cacheDirectory":"/home/coder/project/.vscode-data/data/User/globalStorage/ms-python.vscode-python-envs/pythonLocator"}
2026-08-12 20:27:14.807 [error] [pet] Process error: A system error occurred (spawn /home/coder/project/.vscode-data/extensions/ms-python.python-2026.4.0-universal/python-env-tools/bin/pet ENOENT)
2026-08-12 20:27:46.227 [warning] [pet] Configure request timed out (attempt 1/2), will retry on next request without killing process
2026-08-12 20:27:46.228 [error] [pet] Error refreshing Request 'configure' timed out after 30000ms
2026-08-12 20:27:46.236 [info] Conda not found, turning off conda features. [M: Request 'configure' timed out after 30000ms
	at Timeout.<anonymous> (/home/coder/project/.vscode-data/extensions/ms-python.vscode-python-envs-1.36.0-universal/dist/extension.js:2:571177)
	at listOnTimeout (node:internal/timers:605:17)
	at process.processTimers (node:internal/timers:541:7)] {
  method: 'configure'
}
2026-08-12 20:27:46.252 [info] [interpreterSelection] Applying initial environment selection for 1 workspace folder(s)
2026-08-12 20:27:46.252 [warning] [pet] Restarting Python Environment Tools (attempt 2/3, waiting 2000ms)
2026-08-12 20:27:48.290 [info] [pet] Starting Python Locator /home/coder/project/.vscode-data/extensions/ms-python.python-2026.4.0-universal/python-env-tools/bin/pet server
2026-08-12 20:27:48.290 [info] [pet] Python Environment Tools restarted successfully
2026-08-12 20:27:48.293 [info] [pet] configure: Sending configuration update: {"workspaceDirectories":["/home/coder/project"],"environmentDirectories":["/home/coder/project/.venv","/home/coder/project/*/.venv"],"pipenvExecutable":"pipenv","poetryExecutable":"poetry","cacheDirectory":"/home/coder/project/.vscode-data/data/User/globalStorage/ms-python.vscode-python-envs/pythonLocator"}
2026-08-12 20:27:48.295 [error] [pet] Process error: A system error occurred (spawn /home/coder/project/.vscode-data/extensions/ms-python.python-2026.4.0-universal/python-env-tools/bin/pet ENOENT)
2026-08-12 20:28:19.635 [warning] [pet] Configure request timed out (attempt 1/2), will retry on next request without killing process
2026-08-12 20:28:19.637 [error] [pet] Error refreshing Request 'configure' timed out after 30000ms
2026-08-12 20:28:19.649 [error] [venv] Background initialization failed: [M: Request 'configure' timed out after 30000ms
	at Timeout.<anonymous> (/home/coder/project/.vscode-data/extensions/ms-python.vscode-python-envs-1.36.0-universal/dist/extension.js:2:571177)
	at listOnTimeout (node:internal/timers:605:17)
	at process.processTimers (node:internal/timers:541:7)] {
  method: 'configure'
}
2026-08-12 20:28:19.651 [warning] [pet] Restarting Python Environment Tools (attempt 3/3, waiting 4000ms)
2026-08-12 20:28:23.657 [info] [pet] Starting Python Locator /home/coder/project/.vscode-data/extensions/ms-python.python-2026.4.0-universal/python-env-tools/bin/pet server
2026-08-12 20:28:23.657 [info] [pet] Python Environment Tools restarted successfully
2026-08-12 20:28:23.660 [info] [pet] configure: Sending configuration update: {"workspaceDirectories":["/home/coder/project"],"environmentDirectories":["/home/coder/project/.venv","/home/coder/project/*/.venv"],"pipenvExecutable":"pipenv","poetryExecutable":"poetry","cacheDirectory":"/home/coder/project/.vscode-data/data/User/globalStorage/ms-python.vscode-python-envs/pythonLocator"}
2026-08-12 20:28:23.662 [error] [pet] Process error: A system error occurred (spawn /home/coder/project/.vscode-data/extensions/ms-python.python-2026.4.0-universal/python-env-tools/bin/pet ENOENT)
2026-08-12 20:28:54.953 [warning] [pet] Configure request timed out (attempt 1/2), will retry on next request without killing process
2026-08-12 20:28:54.954 [error] [pet] Error refreshing Request 'configure' timed out after 30000ms
2026-08-12 20:28:54.955 [warning] [pet] Server mode exhausted, falling back to JSON CLI for refresh
2026-08-12 20:28:54.969 [info] [pet] JSON CLI fallback refresh: /home/coder/project/.vscode-data/extensions/ms-python.python-2026.4.0-universal/python-env-tools/bin/pet find --json /home/coder/project --cache-directory /home/coder/project/.vscode-data/data/User/globalStorage/ms-python.vscode-python-envs/pythonLocator --pipenv-executable pipenv --poetry-executable poetry --environment-directories /home/coder/project/.venv --environment-directories /home/coder/project/*/.venv
2026-08-12 20:28:54.970 [error] [pet] JSON CLI fallback refresh failed: A system error occurred (spawn /home/coder/project/.vscode-data/extensions/ms-python.python-2026.4.0-universal/python-env-tools/bin/pet ENOENT)
2026-08-12 20:28:54.974 [error] [system] Background initialization failed: [Error: spawn /home/coder/project/.vscode-data/extensions/ms-python.python-2026.4.0-universal/python-env-tools/bin/pet ENOENT
	at ChildProcess._handle.onexit (node:internal/child_process:287:19)
	at onErrorNT (node:internal/child_process:508:16)
	at process.processTicksAndRejections (node:internal/process/task_queues:90:21)] {
  errno: -2,
  code: 'ENOENT',
  syscall: 'spawn /home/coder/project/.vscode-data/extensions/ms-python.python-2026.4.0-universal/python-env-tools/bin/pet',
  path: '/home/coder/project/.vscode-data/extensions/ms-python.python-2026.4.0-universal/python-env-tools/bin/pet',
  spawnargs: [
    'find',
    '--json',
    '/home/coder/project',
    '--cache-directory',
    '/home/coder/project/.vscode-data/data/User/globalStorage/ms-python.vscode-python-envs/pythonLocator',
    '--pipenv-executable',
    'pipenv',
    '--poetry-executable',
    'poetry',
    '--environment-directories',
    '/home/coder/project/.venv',
    '--environment-directories',
    '/home/coder/project/*/.venv'
  ]
}
2026-08-12 20:28:54.974 [info] [SYS_GET] uri=/home/coder/project, normalizedKey=/home/coder/project, project=/home/coder/project, projectKey=/home/coder/project, mapKeys=[], directHit=false, projectHit=false, fallbackToGlobal=true, globalEnv=none
2026-08-12 20:28:55.043 [info] [interpreterSelection] project: none (source: autoDiscovery)
2026-08-12 20:28:55.044 [warning] [pet] Server mode exhausted, falling back to JSON CLI for refresh
2026-08-12 20:28:55.049 [info] [pet] JSON CLI fallback refresh: /home/coder/project/.vscode-data/extensions/ms-python.python-2026.4.0-universal/python-env-tools/bin/pet find --json /home/coder/project --cache-directory /home/coder/project/.vscode-data/data/User/globalStorage/ms-python.vscode-python-envs/pythonLocator --pipenv-executable pipenv --poetry-executable poetry --environment-directories /home/coder/project/.venv --environment-directories /home/coder/project/*/.venv
2026-08-12 20:28:55.051 [error] [pet] JSON CLI fallback refresh failed: A system error occurred (spawn /home/coder/project/.vscode-data/extensions/ms-python.python-2026.4.0-universal/python-env-tools/bin/pet ENOENT)
2026-08-12 20:28:55.052 [error] [system] Background initialization failed: [Error: spawn /home/coder/project/.vscode-data/extensions/ms-python.python-2026.4.0-universal/python-env-tools/bin/pet ENOENT
	at ChildProcess._handle.onexit (node:internal/child_process:287:19)
	at onErrorNT (node:internal/child_process:508:16)
	at process.processTicksAndRejections (node:internal/process/task_queues:90:21)] {
  errno: -2,
  code: 'ENOENT',
  syscall: 'spawn /home/coder/project/.vscode-data/extensions/ms-python.python-2026.4.0-universal/python-env-tools/bin/pet',
  path: '/home/coder/project/.vscode-data/extensions/ms-python.python-2026.4.0-universal/python-env-tools/bin/pet',
  spawnargs: [
    'find',
    '--json',
    '/home/coder/project',
    '--cache-directory',
    '/home/coder/project/.vscode-data/data/User/globalStorage/ms-python.vscode-python-envs/pythonLocator',
    '--pipenv-executable',
    'pipenv',
    '--poetry-executable',
    'poetry',
    '--environment-directories',
    '/home/coder/project/.venv',
    '--environment-directories',
    '/home/coder/project/*/.venv'
  ]
}
2026-08-12 20:28:55.104 [warning] [pet] Server mode exhausted, falling back to JSON CLI for refresh
2026-08-12 20:28:55.109 [info] [pet] JSON CLI fallback refresh: /home/coder/project/.vscode-data/extensions/ms-python.python-2026.4.0-universal/python-env-tools/bin/pet find --json /home/coder/project --cache-directory /home/coder/project/.vscode-data/data/User/globalStorage/ms-python.vscode-python-envs/pythonLocator --pipenv-executable pipenv --poetry-executable poetry --environment-directories /home/coder/project/.venv --environment-directories /home/coder/project/*/.venv
2026-08-12 20:28:55.110 [error] [pet] JSON CLI fallback refresh failed: A system error occurred (spawn /home/coder/project/.vscode-data/extensions/ms-python.python-2026.4.0-universal/python-env-tools/bin/pet ENOENT)
2026-08-12 20:28:55.113 [error] [interpreterSelection] Failed to set global environment: Error: spawn /home/coder/project/.vscode-data/extensions/ms-python.python-2026.4.0-universal/python-env-tools/bin/pet ENOENT
2026-08-12 20:28:55.126 [warning] [pet] Server mode exhausted, falling back to JSON CLI for refresh
2026-08-12 20:28:55.130 [info] [pet] JSON CLI fallback refresh: /home/coder/project/.vscode-data/extensions/ms-python.python-2026.4.0-universal/python-env-tools/bin/pet find --json /home/coder/project --cache-directory /home/coder/project/.vscode-data/data/User/globalStorage/ms-python.vscode-python-envs/pythonLocator --pipenv-executable pipenv --poetry-executable poetry --environment-directories /home/coder/project/.venv --environment-directories /home/coder/project/*/.venv
2026-08-12 20:28:55.131 [error] [pet] JSON CLI fallback refresh failed: A system error occurred (spawn /home/coder/project/.vscode-data/extensions/ms-python.python-2026.4.0-universal/python-env-tools/bin/pet ENOENT)
2026-08-12 20:28:55.134 [error] [venv] Background initialization failed: [Error: spawn /home/coder/project/.vscode-data/extensions/ms-python.python-2026.4.0-universal/python-env-tools/bin/pet ENOENT
	at ChildProcess._handle.onexit (node:internal/child_process:287:19)
	at onErrorNT (node:internal/child_process:508:16)
	at process.processTicksAndRejections (node:internal/process/task_queues:90:21)] {
  errno: -2,
  code: 'ENOENT',
  syscall: 'spawn /home/coder/project/.vscode-data/extensions/ms-python.python-2026.4.0-universal/python-env-tools/bin/pet',
  path: '/home/coder/project/.vscode-data/extensions/ms-python.python-2026.4.0-universal/python-env-tools/bin/pet',
  spawnargs: [
    'find',
    '--json',
    '/home/coder/project',
    '--cache-directory',
    '/home/coder/project/.vscode-data/data/User/globalStorage/ms-python.vscode-python-envs/pythonLocator',
    '--pipenv-executable',
    'pipenv',
    '--poetry-executable',
    'poetry',
    '--environment-directories',
    '/home/coder/project/.venv',
    '--environment-directories',
    '/home/coder/project/*/.venv'
  ]
}
2026-08-12 20:28:55.137 [warning] [pet] Server mode exhausted, falling back to JSON CLI for refresh
2026-08-12 20:28:55.140 [info] [pet] JSON CLI fallback refresh: /home/coder/project/.vscode-data/extensions/ms-python.python-2026.4.0-universal/python-env-tools/bin/pet find --json /home/coder/project --cache-directory /home/coder/project/.vscode-data/data/User/globalStorage/ms-python.vscode-python-envs/pythonLocator --pipenv-executable pipenv --poetry-executable poetry --environment-directories /home/coder/project/.venv --environment-directories /home/coder/project/*/.venv
2026-08-12 20:28:55.141 [error] [pet] JSON CLI fallback refresh failed: A system error occurred (spawn /home/coder/project/.vscode-data/extensions/ms-python.python-2026.4.0-universal/python-env-tools/bin/pet ENOENT)
2026-08-12 20:28:55.145 [error] [venv] Background initialization failed: [Error: spawn /home/coder/project/.vscode-data/extensions/ms-python.python-2026.4.0-universal/python-env-tools/bin/pet ENOENT
	at ChildProcess._handle.onexit (node:internal/child_process:287:19)
	at onErrorNT (node:internal/child_process:508:16)
	at process.processTicksAndRejections (node:internal/process/task_queues:90:21)] {
  errno: -2,
  code: 'ENOENT',
  syscall: 'spawn /home/coder/project/.vscode-data/extensions/ms-python.python-2026.4.0-universal/python-env-tools/bin/pet',
  path: '/home/coder/project/.vscode-data/extensions/ms-python.python-2026.4.0-universal/python-env-tools/bin/pet',
  spawnargs: [
    'find',
    '--json',
    '/home/coder/project',
    '--cache-directory',
    '/home/coder/project/.vscode-data/data/User/globalStorage/ms-python.vscode-python-envs/pythonLocator',
    '--pipenv-executable',
    'pipenv',
    '--poetry-executable',
    'poetry',
    '--environment-directories',
    '/home/coder/project/.venv',
    '--environment-directories',
    '/home/coder/project/*/.venv'
  ]
}
2026-08-12 20:28:55.146 [warning] [pet] Server mode exhausted, falling back to JSON CLI for refresh
2026-08-12 20:28:55.150 [info] [pet] JSON CLI fallback refresh: /home/coder/project/.vscode-data/extensions/ms-python.python-2026.4.0-universal/python-env-tools/bin/pet find --json /home/coder/project --cache-directory /home/coder/project/.vscode-data/data/User/globalStorage/ms-python.vscode-python-envs/pythonLocator --pipenv-executable pipenv --poetry-executable poetry --environment-directories /home/coder/project/.venv --environment-directories /home/coder/project/*/.venv
2026-08-12 20:28:55.151 [error] [pet] JSON CLI fallback refresh failed: A system error occurred (spawn /home/coder/project/.vscode-data/extensions/ms-python.python-2026.4.0-universal/python-env-tools/bin/pet ENOENT)
2026-08-12 20:28:55.161 [info] Refreshing pyenv environments
2026-08-12 20:28:55.164 [warning] [pet] Server mode exhausted, falling back to JSON CLI for refresh
2026-08-12 20:28:55.170 [info] [pet] JSON CLI fallback refresh: /home/coder/project/.vscode-data/extensions/ms-python.python-2026.4.0-universal/python-env-tools/bin/pet find --json /home/coder/project --cache-directory /home/coder/project/.vscode-data/data/User/globalStorage/ms-python.vscode-python-envs/pythonLocator --pipenv-executable pipenv --poetry-executable poetry --environment-directories /home/coder/project/.venv --environment-directories /home/coder/project/*/.venv
2026-08-12 20:28:55.172 [error] [pet] JSON CLI fallback refresh failed: A system error occurred (spawn /home/coder/project/.vscode-data/extensions/ms-python.python-2026.4.0-universal/python-env-tools/bin/pet ENOENT)
2026-08-12 20:28:55.203 [error] Pyenv lazy initialization failed [Error: spawn /home/coder/project/.vscode-data/extensions/ms-python.python-2026.4.0-universal/python-env-tools/bin/pet ENOENT
	at ChildProcess._handle.onexit (node:internal/child_process:287:19)
	at onErrorNT (node:internal/child_process:508:16)
	at process.processTicksAndRejections (node:internal/process/task_queues:90:21)] {
  errno: -2,
  code: 'ENOENT',
  syscall: 'spawn /home/coder/project/.vscode-data/extensions/ms-python.python-2026.4.0-universal/python-env-tools/bin/pet',
  path: '/home/coder/project/.vscode-data/extensions/ms-python.python-2026.4.0-universal/python-env-tools/bin/pet',
  spawnargs: [
    'find',
    '--json',
    '/home/coder/project',
    '--cache-directory',
    '/home/coder/project/.vscode-data/data/User/globalStorage/ms-python.vscode-python-envs/pythonLocator',
    '--pipenv-executable',
    'pipenv',
    '--poetry-executable',
    'poetry',
    '--environment-directories',
    '/home/coder/project/.venv',
    '--environment-directories',
    '/home/coder/project/*/.venv'
  ]
}
2026-08-12 20:28:55.217 [info] Pipenv not found via settings, cache, or PATH
2026-08-12 20:28:55.219 [info] Refreshing pipenv environments
2026-08-12 20:28:55.221 [warning] [pet] Server mode exhausted, falling back to JSON CLI for refresh
2026-08-12 20:28:55.229 [info] [pet] JSON CLI fallback refresh: /home/coder/project/.vscode-data/extensions/ms-python.python-2026.4.0-universal/python-env-tools/bin/pet find --json /home/coder/project --cache-directory /home/coder/project/.vscode-data/data/User/globalStorage/ms-python.vscode-python-envs/pythonLocator --pipenv-executable pipenv --poetry-executable poetry --environment-directories /home/coder/project/.venv --environment-directories /home/coder/project/*/.venv
2026-08-12 20:28:55.231 [error] [pet] JSON CLI fallback refresh failed: A system error occurred (spawn /home/coder/project/.vscode-data/extensions/ms-python.python-2026.4.0-universal/python-env-tools/bin/pet ENOENT)
2026-08-12 20:28:55.308 [error] Pipenv lazy initialization failed [Error: spawn /home/coder/project/.vscode-data/extensions/ms-python.python-2026.4.0-universal/python-env-tools/bin/pet ENOENT
	at ChildProcess._handle.onexit (node:internal/child_process:287:19)
	at onErrorNT (node:internal/child_process:508:16)
	at process.processTicksAndRejections (node:internal/process/task_queues:90:21)] {
  errno: -2,
  code: 'ENOENT',
  syscall: 'spawn /home/coder/project/.vscode-data/extensions/ms-python.python-2026.4.0-universal/python-env-tools/bin/pet',
  path: '/home/coder/project/.vscode-data/extensions/ms-python.python-2026.4.0-universal/python-env-tools/bin/pet',
  spawnargs: [
    'find',
    '--json',
    '/home/coder/project',
    '--cache-directory',
    '/home/coder/project/.vscode-data/data/User/globalStorage/ms-python.vscode-python-envs/pythonLocator',
    '--pipenv-executable',
    'pipenv',
    '--poetry-executable',
    'poetry',
    '--environment-directories',
    '/home/coder/project/.venv',
    '--environment-directories',
    '/home/coder/project/*/.venv'
  ]
}
2026-08-12 20:28:55.333 [info] Refreshing poetry environments
2026-08-12 20:28:55.336 [warning] [pet] Server mode exhausted, falling back to JSON CLI for refresh
2026-08-12 20:28:55.408 [info] [pet] JSON CLI fallback refresh: /home/coder/project/.vscode-data/extensions/ms-python.python-2026.4.0-universal/python-env-tools/bin/pet find --json /home/coder/project --cache-directory /home/coder/project/.vscode-data/data/User/globalStorage/ms-python.vscode-python-envs/pythonLocator --pipenv-executable pipenv --poetry-executable poetry --environment-directories /home/coder/project/.venv --environment-directories /home/coder/project/*/.venv
2026-08-12 20:28:55.410 [error] [pet] JSON CLI fallback refresh failed: A system error occurred (spawn /home/coder/project/.vscode-data/extensions/ms-python.python-2026.4.0-universal/python-env-tools/bin/pet ENOENT)
2026-08-12 20:28:55.456 [error] Poetry lazy initialization failed [Error: spawn /home/coder/project/.vscode-data/extensions/ms-python.python-2026.4.0-universal/python-env-tools/bin/pet ENOENT
	at ChildProcess._handle.onexit (node:internal/child_process:287:19)
	at onErrorNT (node:internal/child_process:508:16)
	at process.processTicksAndRejections (node:internal/process/task_queues:90:21)] {
  errno: -2,
  code: 'ENOENT',
  syscall: 'spawn /home/coder/project/.vscode-data/extensions/ms-python.python-2026.4.0-universal/python-env-tools/bin/pet',
  path: '/home/coder/project/.vscode-data/extensions/ms-python.python-2026.4.0-universal/python-env-tools/bin/pet',
  spawnargs: [
    'find',
    '--json',
    '/home/coder/project',
    '--cache-directory',
    '/home/coder/project/.vscode-data/data/User/globalStorage/ms-python.vscode-python-envs/pythonLocator',
    '--pipenv-executable',
    'pipenv',
    '--poetry-executable',
    'poetry',
    '--environment-directories',
    '/home/coder/project/.venv',
    '--environment-directories',
    '/home/coder/project/*/.venv'
  ]
}
2026-08-12 20:28:55.457 [warning] No Python environments were found. Try running "Python Environments: Run Python Environment Tool (PET) in Terminal..." from the Command Palette to diagnose. If environments should be detected, please report this: https://github.com/microsoft/vscode-python-environments/issues/new
