code-server (1.131.0, jose.localhost, server-distro)
Jupyter Extension Version: 2025.9.1.
Python Extension not installed.
Python Environment Extension not installed.
Pylance Extension not installed.
Platform: linux (x64).
Home = /home/coder
Temp Storage folder ~/project/.vscode-data/data/User/globalStorage/ms-toolsai.jupyter/version-2025.9.1
Workspace folder ~/project
20:24:12.442 [warn] Disposing old controller startUsingLocalKernelSpec:'.python3./python./.-m#ipykernel_launcher' for view = 'jupyter-notebook'
20:24:12.447 [warn] Disposing old controller startUsingLocalKernelSpec:'.python3./python./.-m#ipykernel_launcher (Interactive)' for view = 'interactive'
20:24:13.696 [info] Starting Kernel (Python Path: /bin/python3, Unknown, 3.13.5) for '~/project/teste_lake.ipynb' (disableUI=true)
20:24:13.986 [warn] Failed to get activated env vars for /bin/python3 in 293ms
20:24:13.993 [info] Process Execution: /bin/python3 -c "import site;print("USER_BASE_VALUE");print(site.USER_BASE);print("USER_BASE_VALUE");"
20:24:13.996 [warn] Failed to get activated env vars for /bin/python3 in 288ms
20:24:14.080 [info] Process Execution: /bin/python3 -m pip list
20:24:14.085 [info] Process Execution: /bin/python3 -c "import ipykernel; print(ipykernel.__version__); print("5dc3a68c-e34e-4080-9c3e-2a532b2ccb4d"); print(ipykernel.__file__)"
20:24:14.092 [info] Process Execution: /bin/python3 -m ipykernel_launcher --f=~/.local/share/jupyter/runtime/kernel-v3361413ced0d9ddc30458a25853b307c3756b050b.json
    > cwd: ~/project
20:25:25.948 [info] Restart requested ~/project/teste_lake.ipynb
20:26:23.738 [info] Dispose Kernel '~/project/teste_lake.ipynb' associated with '~/project/teste_lake.ipynb'
20:26:27.515 [info] Starting Kernel (Python Path: /bin/python3, Unknown, 3.13.5) for '~/project/teste_lake.ipynb' (disableUI=true)
20:26:27.730 [warn] Failed to get activated env vars for /bin/python3 in 207ms
20:26:27.740 [info] Process Execution: /bin/python3 -c "import ipykernel; print(ipykernel.__version__); print("5dc3a68c-e34e-4080-9c3e-2a532b2ccb4d"); print(ipykernel.__file__)"
20:26:27.750 [info] Process Execution: /bin/python3 -m ipykernel_launcher --f=~/.local/share/jupyter/runtime/kernel-v3e717e72fe3d9eb1310e5de83e263dc9068a6d0fb.json
    > cwd: ~/project
20:26:31.514 [info] Dispose Kernel '~/project/teste_lake.ipynb' associated with '~/project/teste_lake.ipynb'
20:26:31.514 [info] Dispose Kernel '~/project/teste_lake.ipynb' associated with '~/project/teste_lake.ipynb'
20:26:31.557 [info] Dispose Kernel '~/project/teste_lake.ipynb' associated with '~/project/teste_lake.ipynb'
20:26:31.614 [warn] Failed to delete connection file file://~/.local/share/jupyter/runtime/kernel-v3e717e72fe3d9eb1310e5de83e263dc9068a6d0fb.json for pid 601 [Canceled (FileSystemError): Canceled
	at ar._handleError (file:///usr/lib/code-server/lib/vscode/out/vs/workbench/api/node/extensionHostProcess.js:535:22201)
	at Object.stat (file:///usr/lib/code-server/lib/vscode/out/vs/workbench/api/node/extensionHostProcess.js:535:19119)
	at async ou.delete (~/project/.vscode-data/extensions/ms-toolsai.jupyter-2025.9.1-universal/dist/extension.node.js:236:16320)
	at async ~/project/.vscode-data/extensions/ms-toolsai.jupyter-2025.9.1-universal/dist/extension.node.js:308:469] {
  code: 'Unknown'
}
20:26:31.619 [warn] Failed to delete connection file file://~/.local/share/jupyter/runtime/kernel-v3361413ced0d9ddc30458a25853b307c3756b050b.json for pid 230 [Canceled (FileSystemError): Canceled
	at ar._handleError (file:///usr/lib/code-server/lib/vscode/out/vs/workbench/api/node/extensionHostProcess.js:535:22201)
	at Object.stat (file:///usr/lib/code-server/lib/vscode/out/vs/workbench/api/node/extensionHostProcess.js:535:19119)
	at async ou.delete (~/project/.vscode-data/extensions/ms-toolsai.jupyter-2025.9.1-universal/dist/extension.node.js:236:16320)
	at async ~/project/.vscode-data/extensions/ms-toolsai.jupyter-2025.9.1-universal/dist/extension.node.js:308:469] {
  code: 'Unknown'
}
