2026-08-12 20:27:12.401 [info] [main] Log level: Info
2026-08-12 20:27:12.401 [info] [main] Validating found git in: "git"
2026-08-12 20:27:12.401 [info] [main] Using git "2.47.3" from "git"
2026-08-12 20:27:12.401 [info] [Model][doInitialScan] Initial repository scan started
2026-08-12 20:27:12.401 [info] > git rev-parse --show-toplevel [87ms]
2026-08-12 20:27:12.401 [info] fatal: not a git repository (or any parent up to mount point /home/coder)
Stopping at filesystem boundary (GIT_DISCOVERY_ACROSS_FILESYSTEM not set).
2026-08-12 20:27:12.401 [info] > git rev-parse --show-toplevel [13ms]
2026-08-12 20:27:12.401 [info] fatal: not a git repository (or any parent up to mount point /home/coder)
Stopping at filesystem boundary (GIT_DISCOVERY_ACROSS_FILESYSTEM not set).
2026-08-12 20:27:12.401 [info] [Model][doInitialScan] Initial repository scan completed - repositories (0), closed repositories (0), parent repositories (0), unsafe repositories (0)
2026-08-12 20:27:13.507 [info] > git rev-parse --show-toplevel [5ms]
2026-08-12 20:27:13.507 [info] fatal: not a git repository (or any parent up to mount point /home/coder)
Stopping at filesystem boundary (GIT_DISCOVERY_ACROSS_FILESYSTEM not set).
2026-08-12 20:27:13.823 [info] > git rev-parse --show-toplevel [3ms]
2026-08-12 20:27:13.823 [info] fatal: not a git repository (or any parent up to mount point /home/coder)
Stopping at filesystem boundary (GIT_DISCOVERY_ACROSS_FILESYSTEM not set).
2026-08-12 20:27:14.825 [info] > git rev-parse --show-toplevel [13ms]
2026-08-12 20:27:14.825 [info] fatal: not a git repository (or any parent up to mount point /home/coder)
Stopping at filesystem boundary (GIT_DISCOVERY_ACROSS_FILESYSTEM not set).
2026-08-12 20:27:19.192 [info] > git rev-parse --show-toplevel [64ms]
2026-08-12 20:27:19.193 [info] fatal: not a git repository (or any parent up to mount point /home/coder)
Stopping at filesystem boundary (GIT_DISCOVERY_ACROSS_FILESYSTEM not set).
