2026-08-12 20:37:37.377 [info] [main] Log level: Info
2026-08-12 20:37:37.377 [info] [main] Validating found git in: "git"
2026-08-12 20:37:37.377 [info] [main] Using git "2.47.3" from "git"
2026-08-12 20:37:37.377 [info] [Model][doInitialScan] Initial repository scan started
2026-08-12 20:37:37.377 [info] > git rev-parse --show-toplevel [63ms]
2026-08-12 20:37:37.377 [info] fatal: not a git repository (or any parent up to mount point /home/coder)
Stopping at filesystem boundary (GIT_DISCOVERY_ACROSS_FILESYSTEM not set).
2026-08-12 20:37:37.377 [info] > git rev-parse --show-toplevel [3ms]
2026-08-12 20:37:37.377 [info] fatal: not a git repository (or any parent up to mount point /home/coder)
Stopping at filesystem boundary (GIT_DISCOVERY_ACROSS_FILESYSTEM not set).
2026-08-12 20:37:37.377 [info] [Model][doInitialScan] Initial repository scan completed - repositories (0), closed repositories (0), parent repositories (0), unsafe repositories (0)
2026-08-12 20:37:38.648 [info] > git rev-parse --show-toplevel [2ms]
2026-08-12 20:37:38.648 [info] fatal: not a git repository (or any parent up to mount point /home/coder)
Stopping at filesystem boundary (GIT_DISCOVERY_ACROSS_FILESYSTEM not set).
2026-08-12 20:37:38.891 [info] > git rev-parse --show-toplevel [6ms]
2026-08-12 20:37:38.891 [info] fatal: not a git repository (or any parent up to mount point /home/coder)
Stopping at filesystem boundary (GIT_DISCOVERY_ACROSS_FILESYSTEM not set).
2026-08-12 20:37:39.760 [info] > git rev-parse --show-toplevel [44ms]
2026-08-12 20:37:39.761 [info] fatal: not a git repository (or any parent up to mount point /home/coder)
Stopping at filesystem boundary (GIT_DISCOVERY_ACROSS_FILESYSTEM not set).
2026-08-12 20:37:40.304 [info] > git rev-parse --show-toplevel [2ms]
2026-08-12 20:37:40.304 [info] fatal: not a git repository (or any parent up to mount point /home/coder)
Stopping at filesystem boundary (GIT_DISCOVERY_ACROSS_FILESYSTEM not set).
