2026-08-12 20:37:36.123 [info] Extension host with pid 2169 started
2026-08-12 20:37:36.139 [info] Lock '/home/coder/project/.vscode-data/data/User/workspaceStorage/-4c815e8/vscode.lock': Lock acquired.
2026-08-12 20:37:36.258 [info] ExtensionService#_doActivateExtension vscode.github-authentication, startup: false, activationEvent: 'onAuthenticationRequest:github'
2026-08-12 20:37:36.274 [info] ExtensionService#_doActivateExtension vscode.ipynb, startup: false, activationEvent: 'onNotebookSerializer:jupyter-notebook'
2026-08-12 20:37:36.275 [info] ExtensionService#_doActivateExtension vscode.emmet, startup: false, activationEvent: 'onLanguage'
2026-08-12 20:37:36.420 [info] ExtensionService#_doActivateExtension vscode.git-base, startup: true, activationEvent: '*', root cause: vscode.git
2026-08-12 20:37:36.680 [info] ExtensionService#_doActivateExtension vscode.git, startup: true, activationEvent: '*'
2026-08-12 20:37:36.680 [info] ExtensionService#_doActivateExtension vscode.github, startup: true, activationEvent: '*'
2026-08-12 20:37:37.384 [info] Eager extensions activated
2026-08-12 20:37:37.388 [info] ExtensionService#_doActivateExtension vscode.debug-auto-launch, startup: false, activationEvent: 'onStartupFinished'
2026-08-12 20:37:37.390 [info] ExtensionService#_doActivateExtension vscode.merge-conflict, startup: false, activationEvent: 'onStartupFinished'
2026-08-12 20:37:37.686 [info] ExtensionService#_doActivateExtension ms-toolsai.jupyter, startup: false, activationEvent: 'onNotebook:jupyter-notebook'
2026-08-12 20:37:37.687 [info] ExtensionService#_doActivateExtension ms-toolsai.vscode-jupyter-cell-tags, startup: false, activationEvent: 'onNotebook:jupyter-notebook'
2026-08-12 20:37:37.688 [info] ExtensionService#_doActivateExtension ms-toolsai.vscode-jupyter-slideshow, startup: false, activationEvent: 'onNotebook:jupyter-notebook'
2026-08-12 20:37:37.804 [info] ExtensionService#_doActivateExtension ms-python.python, startup: false, activationEvent: 'onLanguage:python', root cause: ms-python.debugpy
2026-08-12 20:37:37.805 [info] ExtensionService#_doActivateExtension ms-python.vscode-python-envs, startup: false, activationEvent: 'onLanguage:python'
2026-08-12 20:37:38.583 [info] ExtensionService#_doActivateExtension ms-toolsai.jupyter-renderers, startup: false, activationEvent: 'api', root cause: ms-toolsai.jupyter
2026-08-12 20:37:39.195 [info] ExtensionService#_doActivateExtension vscode.tunnel-forwarding, startup: false, activationEvent: 'onTunnel'
2026-08-12 20:37:39.491 [info] ExtensionService#_doActivateExtension ms-python.debugpy, startup: false, activationEvent: 'onLanguage:python'
2026-08-12 20:37:39.975 [info] ExtensionService#_doActivateExtension vscode.terminal-suggest, startup: false, activationEvent: 'onTerminalShellIntegration:*'
