2026-08-12 20:34:46.290 [info] [main] Log level: Info
2026-08-12 20:34:46.290 [info] [main] Validating found git in: "git"
2026-08-12 20:34:46.290 [info] [main] Using git "2.47.3" from "git"
2026-08-12 20:34:46.290 [info] [Model][doInitialScan] Initial repository scan started
2026-08-12 20:34:46.290 [info] > git rev-parse --show-toplevel [3ms]
2026-08-12 20:34:46.290 [info] fatal: not a git repository (or any parent up to mount point /home/coder)
Stopping at filesystem boundary (GIT_DISCOVERY_ACROSS_FILESYSTEM not set).
2026-08-12 20:34:46.290 [info] > git rev-parse --show-toplevel [3ms]
2026-08-12 20:34:46.290 [info] fatal: not a git repository (or any parent up to mount point /home/coder)
Stopping at filesystem boundary (GIT_DISCOVERY_ACROSS_FILESYSTEM not set).
2026-08-12 20:34:46.290 [info] [Model][doInitialScan] Initial repository scan completed - repositories (0), closed repositories (0), parent repositories (0), unsafe repositories (0)
2026-08-12 20:34:47.508 [info] > git rev-parse --show-toplevel [2ms]
2026-08-12 20:34:47.508 [info] fatal: not a git repository (or any parent up to mount point /home/coder)
Stopping at filesystem boundary (GIT_DISCOVERY_ACROSS_FILESYSTEM not set).
2026-08-12 20:34:47.529 [info] > git rev-parse --show-toplevel [5ms]
2026-08-12 20:34:47.529 [info] fatal: not a git repository (or any parent up to mount point /home/coder)
Stopping at filesystem boundary (GIT_DISCOVERY_ACROSS_FILESYSTEM not set).
2026-08-12 20:34:47.571 [info] > git rev-parse --show-toplevel [32ms]
2026-08-12 20:34:47.571 [info] fatal: not a git repository (or any parent up to mount point /home/coder)
Stopping at filesystem boundary (GIT_DISCOVERY_ACROSS_FILESYSTEM not set).
2026-08-12 20:34:47.594 [info] > git rev-parse --show-toplevel [2ms]
2026-08-12 20:34:47.594 [info] fatal: not a git repository (or any parent up to mount point /home/coder)
Stopping at filesystem boundary (GIT_DISCOVERY_ACROSS_FILESYSTEM not set).
2026-08-12 20:34:47.671 [info] > git rev-parse --show-toplevel [58ms]
2026-08-12 20:34:47.672 [info] fatal: not a git repository (or any parent up to mount point /home/coder)
Stopping at filesystem boundary (GIT_DISCOVERY_ACROSS_FILESYSTEM not set).
2026-08-12 20:34:47.710 [info] > git rev-parse --show-toplevel [7ms]
2026-08-12 20:34:47.710 [info] fatal: not a git repository (or any parent up to mount point /home/coder)
Stopping at filesystem boundary (GIT_DISCOVERY_ACROSS_FILESYSTEM not set).
2026-08-12 20:34:49.095 [info] > git rev-parse --show-toplevel [24ms]
2026-08-12 20:34:49.095 [info] fatal: not a git repository (or any parent up to mount point /home/coder)
Stopping at filesystem boundary (GIT_DISCOVERY_ACROSS_FILESYSTEM not set).
2026-08-12 20:34:50.132 [info] > git rev-parse --show-toplevel [9ms]
2026-08-12 20:34:50.132 [info] fatal: not a git repository (or any parent up to mount point /home/coder)
Stopping at filesystem boundary (GIT_DISCOVERY_ACROSS_FILESYSTEM not set).
2026-08-12 20:34:51.991 [info] > git rev-parse --show-toplevel [617ms]
2026-08-12 20:34:51.992 [info] fatal: not a git repository (or any parent up to mount point /home/coder)
Stopping at filesystem boundary (GIT_DISCOVERY_ACROSS_FILESYSTEM not set).
2026-08-12 20:34:52.806 [info] > git rev-parse --show-toplevel [4ms]
2026-08-12 20:34:52.806 [info] fatal: not a git repository (or any parent up to mount point /home/coder)
Stopping at filesystem boundary (GIT_DISCOVERY_ACROSS_FILESYSTEM not set).
