2026-08-12 20:34:47.598 [info] Python-envs extension version: 1.36.0
2026-08-12 20:34:47.598 [info] 
=== Python Envs Configuration Levels ===
2026-08-12 20:34:47.598 [info] {
  "section": "Python Envs Configuration Levels",
  "defaultEnvManager": {
    "workspaceFolderValue": "undefined",
    "workspaceValue": "undefined",
    "globalValue": "undefined",
    "defaultValue": "ms-python.python:venv"
  },
  "defaultPackageManager": {
    "workspaceFolderValue": "undefined",
    "workspaceValue": "undefined",
    "globalValue": "undefined",
    "defaultValue": "ms-python.python:pip"
  }
}
2026-08-12 20:34:47.598 [info] [pet] Starting Python Locator /home/coder/project/.vscode-data/extensions/ms-python.python-2026.4.0-universal/python-env-tools/bin/pet server
2026-08-12 20:34:47.598 [info] Registering pyenv manager (environments will be discovered lazily)
2026-08-12 20:34:47.598 [info] Registering pipenv manager (environments will be discovered lazily)
2026-08-12 20:34:47.598 [info] Registering poetry manager (environments will be discovered lazily)
2026-08-12 20:34:47.598 [error] [pet] Process error: A system error occurred (spawn /home/coder/project/.vscode-data/extensions/ms-python.python-2026.4.0-universal/python-env-tools/bin/pet ENOENT)
2026-08-12 20:34:47.598 [warning] [pet] Restarting Python Environment Tools (attempt 1/3, waiting 1000ms)
2026-08-12 20:34:48.428 [info] [pet] Starting Python Locator /home/coder/project/.vscode-data/extensions/ms-python.python-2026.4.0-universal/python-env-tools/bin/pet server
2026-08-12 20:34:48.428 [info] [pet] Python Environment Tools restarted successfully
2026-08-12 20:34:48.438 [info] [pet] configure: Sending configuration update: {"workspaceDirectories":["/home/coder/project"],"environmentDirectories":["/home/coder/project/.venv","/home/coder/project/*/.venv"],"pipenvExecutable":"pipenv","poetryExecutable":"poetry","cacheDirectory":"/home/coder/project/.vscode-data/data/User/globalStorage/ms-python.vscode-python-envs/pythonLocator"}
2026-08-12 20:34:48.444 [error] [pet] Process error: A system error occurred (spawn /home/coder/project/.vscode-data/extensions/ms-python.python-2026.4.0-universal/python-env-tools/bin/pet ENOENT)
2026-08-12 20:35:19.662 [warning] [pet] Configure request timed out (attempt 1/2), will retry on next request without killing process
2026-08-12 20:35:19.663 [error] [pet] Error refreshing Request 'configure' timed out after 30000ms
2026-08-12 20:35:19.667 [info] Conda not found, turning off conda features. [M: Request 'configure' timed out after 30000ms
	at Timeout.<anonymous> (/home/coder/project/.vscode-data/extensions/ms-python.vscode-python-envs-1.36.0-universal/dist/extension.js:2:571177)
	at listOnTimeout (node:internal/timers:605:17)
	at process.processTimers (node:internal/timers:541:7)] {
  method: 'configure'
}
2026-08-12 20:35:19.671 [info] [interpreterSelection] Applying initial environment selection for 1 workspace folder(s)
2026-08-12 20:35:19.672 [warning] [pet] Restarting Python Environment Tools (attempt 2/3, waiting 2000ms)
2026-08-12 20:35:21.675 [info] [pet] Starting Python Locator /home/coder/project/.vscode-data/extensions/ms-python.python-2026.4.0-universal/python-env-tools/bin/pet server
2026-08-12 20:35:21.675 [info] [pet] Python Environment Tools restarted successfully
2026-08-12 20:35:21.679 [info] [pet] configure: Sending configuration update: {"workspaceDirectories":["/home/coder/project"],"environmentDirectories":["/home/coder/project/.venv","/home/coder/project/*/.venv"],"pipenvExecutable":"pipenv","poetryExecutable":"poetry","cacheDirectory":"/home/coder/project/.vscode-data/data/User/globalStorage/ms-python.vscode-python-envs/pythonLocator"}
2026-08-12 20:35:21.679 [error] [pet] Process error: A system error occurred (spawn /home/coder/project/.vscode-data/extensions/ms-python.python-2026.4.0-universal/python-env-tools/bin/pet ENOENT)
2026-08-12 20:35:53.006 [warning] [pet] Configure request timed out (attempt 1/2), will retry on next request without killing process
2026-08-12 20:35:53.006 [error] [pet] Error refreshing Request 'configure' timed out after 30000ms
2026-08-12 20:35:53.014 [error] [venv] Background initialization failed: [M: Request 'configure' timed out after 30000ms
	at Timeout.<anonymous> (/home/coder/project/.vscode-data/extensions/ms-python.vscode-python-envs-1.36.0-universal/dist/extension.js:2:571177)
	at listOnTimeout (node:internal/timers:605:17)
	at process.processTimers (node:internal/timers:541:7)] {
  method: 'configure'
}
2026-08-12 20:35:53.016 [warning] [pet] Restarting Python Environment Tools (attempt 3/3, waiting 4000ms)
2026-08-12 20:35:57.020 [info] [pet] Starting Python Locator /home/coder/project/.vscode-data/extensions/ms-python.python-2026.4.0-universal/python-env-tools/bin/pet server
2026-08-12 20:35:57.021 [info] [pet] Python Environment Tools restarted successfully
2026-08-12 20:35:57.023 [info] [pet] configure: Sending configuration update: {"workspaceDirectories":["/home/coder/project"],"environmentDirectories":["/home/coder/project/.venv","/home/coder/project/*/.venv"],"pipenvExecutable":"pipenv","poetryExecutable":"poetry","cacheDirectory":"/home/coder/project/.vscode-data/data/User/globalStorage/ms-python.vscode-python-envs/pythonLocator"}
2026-08-12 20:35:57.023 [error] [pet] Process error: A system error occurred (spawn /home/coder/project/.vscode-data/extensions/ms-python.python-2026.4.0-universal/python-env-tools/bin/pet ENOENT)
2026-08-12 20:36:28.378 [warning] [pet] Configure request timed out (attempt 1/2), will retry on next request without killing process
2026-08-12 20:36:28.378 [error] [pet] Error refreshing Request 'configure' timed out after 30000ms
2026-08-12 20:36:28.379 [warning] [pet] Server mode exhausted, falling back to JSON CLI for refresh
2026-08-12 20:36:28.390 [info] [pet] JSON CLI fallback refresh: /home/coder/project/.vscode-data/extensions/ms-python.python-2026.4.0-universal/python-env-tools/bin/pet find --json /home/coder/project --cache-directory /home/coder/project/.vscode-data/data/User/globalStorage/ms-python.vscode-python-envs/pythonLocator --pipenv-executable pipenv --poetry-executable poetry --environment-directories /home/coder/project/.venv --environment-directories /home/coder/project/*/.venv
2026-08-12 20:36:28.393 [error] [pet] JSON CLI fallback refresh failed: A system error occurred (spawn /home/coder/project/.vscode-data/extensions/ms-python.python-2026.4.0-universal/python-env-tools/bin/pet ENOENT)
2026-08-12 20:36:28.397 [error] [system] Background initialization failed: [Error: spawn /home/coder/project/.vscode-data/extensions/ms-python.python-2026.4.0-universal/python-env-tools/bin/pet ENOENT
	at ChildProcess._handle.onexit (node:internal/child_process:287:19)
	at onErrorNT (node:internal/child_process:508:16)
	at process.processTicksAndRejections (node:internal/process/task_queues:90:21)] {
  errno: -2,
  code: 'ENOENT',
  syscall: 'spawn /home/coder/project/.vscode-data/extensions/ms-python.python-2026.4.0-universal/python-env-tools/bin/pet',
  path: '/home/coder/project/.vscode-data/extensions/ms-python.python-2026.4.0-universal/python-env-tools/bin/pet',
  spawnargs: [
    'find',
    '--json',
    '/home/coder/project',
    '--cache-directory',
    '/home/coder/project/.vscode-data/data/User/globalStorage/ms-python.vscode-python-envs/pythonLocator',
    '--pipenv-executable',
    'pipenv',
    '--poetry-executable',
    'poetry',
    '--environment-directories',
    '/home/coder/project/.venv',
    '--environment-directories',
    '/home/coder/project/*/.venv'
  ]
}
2026-08-12 20:36:28.397 [info] [SYS_GET] uri=/home/coder/project, normalizedKey=/home/coder/project, project=/home/coder/project, projectKey=/home/coder/project, mapKeys=[], directHit=false, projectHit=false, fallbackToGlobal=true, globalEnv=none
2026-08-12 20:36:28.469 [info] [interpreterSelection] project: none (source: autoDiscovery)
2026-08-12 20:36:28.470 [warning] [pet] Server mode exhausted, falling back to JSON CLI for refresh
2026-08-12 20:36:28.475 [info] [pet] JSON CLI fallback refresh: /home/coder/project/.vscode-data/extensions/ms-python.python-2026.4.0-universal/python-env-tools/bin/pet find --json /home/coder/project --cache-directory /home/coder/project/.vscode-data/data/User/globalStorage/ms-python.vscode-python-envs/pythonLocator --pipenv-executable pipenv --poetry-executable poetry --environment-directories /home/coder/project/.venv --environment-directories /home/coder/project/*/.venv
2026-08-12 20:36:28.478 [error] [pet] JSON CLI fallback refresh failed: A system error occurred (spawn /home/coder/project/.vscode-data/extensions/ms-python.python-2026.4.0-universal/python-env-tools/bin/pet ENOENT)
2026-08-12 20:36:28.480 [error] [system] Background initialization failed: [Error: spawn /home/coder/project/.vscode-data/extensions/ms-python.python-2026.4.0-universal/python-env-tools/bin/pet ENOENT
	at ChildProcess._handle.onexit (node:internal/child_process:287:19)
	at onErrorNT (node:internal/child_process:508:16)
	at process.processTicksAndRejections (node:internal/process/task_queues:90:21)] {
  errno: -2,
  code: 'ENOENT',
  syscall: 'spawn /home/coder/project/.vscode-data/extensions/ms-python.python-2026.4.0-universal/python-env-tools/bin/pet',
  path: '/home/coder/project/.vscode-data/extensions/ms-python.python-2026.4.0-universal/python-env-tools/bin/pet',
  spawnargs: [
    'find',
    '--json',
    '/home/coder/project',
    '--cache-directory',
    '/home/coder/project/.vscode-data/data/User/globalStorage/ms-python.vscode-python-envs/pythonLocator',
    '--pipenv-executable',
    'pipenv',
    '--poetry-executable',
    'poetry',
    '--environment-directories',
    '/home/coder/project/.venv',
    '--environment-directories',
    '/home/coder/project/*/.venv'
  ]
}
2026-08-12 20:36:28.532 [warning] [pet] Server mode exhausted, falling back to JSON CLI for refresh
2026-08-12 20:36:28.536 [info] [pet] JSON CLI fallback refresh: /home/coder/project/.vscode-data/extensions/ms-python.python-2026.4.0-universal/python-env-tools/bin/pet find --json /home/coder/project --cache-directory /home/coder/project/.vscode-data/data/User/globalStorage/ms-python.vscode-python-envs/pythonLocator --pipenv-executable pipenv --poetry-executable poetry --environment-directories /home/coder/project/.venv --environment-directories /home/coder/project/*/.venv
2026-08-12 20:36:28.536 [error] [pet] JSON CLI fallback refresh failed: A system error occurred (spawn /home/coder/project/.vscode-data/extensions/ms-python.python-2026.4.0-universal/python-env-tools/bin/pet ENOENT)
2026-08-12 20:36:28.538 [error] [interpreterSelection] Failed to set global environment: Error: spawn /home/coder/project/.vscode-data/extensions/ms-python.python-2026.4.0-universal/python-env-tools/bin/pet ENOENT
2026-08-12 20:36:28.548 [warning] [pet] Server mode exhausted, falling back to JSON CLI for refresh
2026-08-12 20:36:28.552 [info] [pet] JSON CLI fallback refresh: /home/coder/project/.vscode-data/extensions/ms-python.python-2026.4.0-universal/python-env-tools/bin/pet find --json /home/coder/project --cache-directory /home/coder/project/.vscode-data/data/User/globalStorage/ms-python.vscode-python-envs/pythonLocator --pipenv-executable pipenv --poetry-executable poetry --environment-directories /home/coder/project/.venv --environment-directories /home/coder/project/*/.venv
2026-08-12 20:36:28.553 [error] [pet] JSON CLI fallback refresh failed: A system error occurred (spawn /home/coder/project/.vscode-data/extensions/ms-python.python-2026.4.0-universal/python-env-tools/bin/pet ENOENT)
2026-08-12 20:36:28.554 [error] [venv] Background initialization failed: [Error: spawn /home/coder/project/.vscode-data/extensions/ms-python.python-2026.4.0-universal/python-env-tools/bin/pet ENOENT
	at ChildProcess._handle.onexit (node:internal/child_process:287:19)
	at onErrorNT (node:internal/child_process:508:16)
	at process.processTicksAndRejections (node:internal/process/task_queues:90:21)] {
  errno: -2,
  code: 'ENOENT',
  syscall: 'spawn /home/coder/project/.vscode-data/extensions/ms-python.python-2026.4.0-universal/python-env-tools/bin/pet',
  path: '/home/coder/project/.vscode-data/extensions/ms-python.python-2026.4.0-universal/python-env-tools/bin/pet',
  spawnargs: [
    'find',
    '--json',
    '/home/coder/project',
    '--cache-directory',
    '/home/coder/project/.vscode-data/data/User/globalStorage/ms-python.vscode-python-envs/pythonLocator',
    '--pipenv-executable',
    'pipenv',
    '--poetry-executable',
    'poetry',
    '--environment-directories',
    '/home/coder/project/.venv',
    '--environment-directories',
    '/home/coder/project/*/.venv'
  ]
}
2026-08-12 20:36:28.556 [warning] [pet] Server mode exhausted, falling back to JSON CLI for refresh
2026-08-12 20:36:28.560 [info] [pet] JSON CLI fallback refresh: /home/coder/project/.vscode-data/extensions/ms-python.python-2026.4.0-universal/python-env-tools/bin/pet find --json /home/coder/project --cache-directory /home/coder/project/.vscode-data/data/User/globalStorage/ms-python.vscode-python-envs/pythonLocator --pipenv-executable pipenv --poetry-executable poetry --environment-directories /home/coder/project/.venv --environment-directories /home/coder/project/*/.venv
2026-08-12 20:36:28.560 [error] [pet] JSON CLI fallback refresh failed: A system error occurred (spawn /home/coder/project/.vscode-data/extensions/ms-python.python-2026.4.0-universal/python-env-tools/bin/pet ENOENT)
2026-08-12 20:36:28.562 [error] [venv] Background initialization failed: [Error: spawn /home/coder/project/.vscode-data/extensions/ms-python.python-2026.4.0-universal/python-env-tools/bin/pet ENOENT
	at ChildProcess._handle.onexit (node:internal/child_process:287:19)
	at onErrorNT (node:internal/child_process:508:16)
	at process.processTicksAndRejections (node:internal/process/task_queues:90:21)] {
  errno: -2,
  code: 'ENOENT',
  syscall: 'spawn /home/coder/project/.vscode-data/extensions/ms-python.python-2026.4.0-universal/python-env-tools/bin/pet',
  path: '/home/coder/project/.vscode-data/extensions/ms-python.python-2026.4.0-universal/python-env-tools/bin/pet',
  spawnargs: [
    'find',
    '--json',
    '/home/coder/project',
    '--cache-directory',
    '/home/coder/project/.vscode-data/data/User/globalStorage/ms-python.vscode-python-envs/pythonLocator',
    '--pipenv-executable',
    'pipenv',
    '--poetry-executable',
    'poetry',
    '--environment-directories',
    '/home/coder/project/.venv',
    '--environment-directories',
    '/home/coder/project/*/.venv'
  ]
}
2026-08-12 20:36:28.564 [warning] [pet] Server mode exhausted, falling back to JSON CLI for refresh
2026-08-12 20:36:28.568 [info] [pet] JSON CLI fallback refresh: /home/coder/project/.vscode-data/extensions/ms-python.python-2026.4.0-universal/python-env-tools/bin/pet find --json /home/coder/project --cache-directory /home/coder/project/.vscode-data/data/User/globalStorage/ms-python.vscode-python-envs/pythonLocator --pipenv-executable pipenv --poetry-executable poetry --environment-directories /home/coder/project/.venv --environment-directories /home/coder/project/*/.venv
2026-08-12 20:36:28.568 [error] [pet] JSON CLI fallback refresh failed: A system error occurred (spawn /home/coder/project/.vscode-data/extensions/ms-python.python-2026.4.0-universal/python-env-tools/bin/pet ENOENT)
2026-08-12 20:36:28.574 [info] Refreshing pyenv environments
2026-08-12 20:36:28.575 [warning] [pet] Server mode exhausted, falling back to JSON CLI for refresh
2026-08-12 20:36:28.579 [info] [pet] JSON CLI fallback refresh: /home/coder/project/.vscode-data/extensions/ms-python.python-2026.4.0-universal/python-env-tools/bin/pet find --json /home/coder/project --cache-directory /home/coder/project/.vscode-data/data/User/globalStorage/ms-python.vscode-python-envs/pythonLocator --pipenv-executable pipenv --poetry-executable poetry --environment-directories /home/coder/project/.venv --environment-directories /home/coder/project/*/.venv
2026-08-12 20:36:28.579 [error] [pet] JSON CLI fallback refresh failed: A system error occurred (spawn /home/coder/project/.vscode-data/extensions/ms-python.python-2026.4.0-universal/python-env-tools/bin/pet ENOENT)
2026-08-12 20:36:28.581 [error] Pyenv lazy initialization failed [Error: spawn /home/coder/project/.vscode-data/extensions/ms-python.python-2026.4.0-universal/python-env-tools/bin/pet ENOENT
	at ChildProcess._handle.onexit (node:internal/child_process:287:19)
	at onErrorNT (node:internal/child_process:508:16)
	at process.processTicksAndRejections (node:internal/process/task_queues:90:21)] {
  errno: -2,
  code: 'ENOENT',
  syscall: 'spawn /home/coder/project/.vscode-data/extensions/ms-python.python-2026.4.0-universal/python-env-tools/bin/pet',
  path: '/home/coder/project/.vscode-data/extensions/ms-python.python-2026.4.0-universal/python-env-tools/bin/pet',
  spawnargs: [
    'find',
    '--json',
    '/home/coder/project',
    '--cache-directory',
    '/home/coder/project/.vscode-data/data/User/globalStorage/ms-python.vscode-python-envs/pythonLocator',
    '--pipenv-executable',
    'pipenv',
    '--poetry-executable',
    'poetry',
    '--environment-directories',
    '/home/coder/project/.venv',
    '--environment-directories',
    '/home/coder/project/*/.venv'
  ]
}
2026-08-12 20:36:28.585 [info] Pipenv not found via settings, cache, or PATH
2026-08-12 20:36:28.586 [info] Refreshing pipenv environments
2026-08-12 20:36:28.586 [warning] [pet] Server mode exhausted, falling back to JSON CLI for refresh
2026-08-12 20:36:28.590 [info] [pet] JSON CLI fallback refresh: /home/coder/project/.vscode-data/extensions/ms-python.python-2026.4.0-universal/python-env-tools/bin/pet find --json /home/coder/project --cache-directory /home/coder/project/.vscode-data/data/User/globalStorage/ms-python.vscode-python-envs/pythonLocator --pipenv-executable pipenv --poetry-executable poetry --environment-directories /home/coder/project/.venv --environment-directories /home/coder/project/*/.venv
2026-08-12 20:36:28.591 [error] [pet] JSON CLI fallback refresh failed: A system error occurred (spawn /home/coder/project/.vscode-data/extensions/ms-python.python-2026.4.0-universal/python-env-tools/bin/pet ENOENT)
2026-08-12 20:36:28.592 [error] Pipenv lazy initialization failed [Error: spawn /home/coder/project/.vscode-data/extensions/ms-python.python-2026.4.0-universal/python-env-tools/bin/pet ENOENT
	at ChildProcess._handle.onexit (node:internal/child_process:287:19)
	at onErrorNT (node:internal/child_process:508:16)
	at process.processTicksAndRejections (node:internal/process/task_queues:90:21)] {
  errno: -2,
  code: 'ENOENT',
  syscall: 'spawn /home/coder/project/.vscode-data/extensions/ms-python.python-2026.4.0-universal/python-env-tools/bin/pet',
  path: '/home/coder/project/.vscode-data/extensions/ms-python.python-2026.4.0-universal/python-env-tools/bin/pet',
  spawnargs: [
    'find',
    '--json',
    '/home/coder/project',
    '--cache-directory',
    '/home/coder/project/.vscode-data/data/User/globalStorage/ms-python.vscode-python-envs/pythonLocator',
    '--pipenv-executable',
    'pipenv',
    '--poetry-executable',
    'poetry',
    '--environment-directories',
    '/home/coder/project/.venv',
    '--environment-directories',
    '/home/coder/project/*/.venv'
  ]
}
2026-08-12 20:36:28.598 [info] Refreshing poetry environments
2026-08-12 20:36:28.598 [warning] [pet] Server mode exhausted, falling back to JSON CLI for refresh
2026-08-12 20:36:28.602 [info] [pet] JSON CLI fallback refresh: /home/coder/project/.vscode-data/extensions/ms-python.python-2026.4.0-universal/python-env-tools/bin/pet find --json /home/coder/project --cache-directory /home/coder/project/.vscode-data/data/User/globalStorage/ms-python.vscode-python-envs/pythonLocator --pipenv-executable pipenv --poetry-executable poetry --environment-directories /home/coder/project/.venv --environment-directories /home/coder/project/*/.venv
2026-08-12 20:36:28.602 [error] [pet] JSON CLI fallback refresh failed: A system error occurred (spawn /home/coder/project/.vscode-data/extensions/ms-python.python-2026.4.0-universal/python-env-tools/bin/pet ENOENT)
2026-08-12 20:36:28.604 [error] Poetry lazy initialization failed [Error: spawn /home/coder/project/.vscode-data/extensions/ms-python.python-2026.4.0-universal/python-env-tools/bin/pet ENOENT
	at ChildProcess._handle.onexit (node:internal/child_process:287:19)
	at onErrorNT (node:internal/child_process:508:16)
	at process.processTicksAndRejections (node:internal/process/task_queues:90:21)] {
  errno: -2,
  code: 'ENOENT',
  syscall: 'spawn /home/coder/project/.vscode-data/extensions/ms-python.python-2026.4.0-universal/python-env-tools/bin/pet',
  path: '/home/coder/project/.vscode-data/extensions/ms-python.python-2026.4.0-universal/python-env-tools/bin/pet',
  spawnargs: [
    'find',
    '--json',
    '/home/coder/project',
    '--cache-directory',
    '/home/coder/project/.vscode-data/data/User/globalStorage/ms-python.vscode-python-envs/pythonLocator',
    '--pipenv-executable',
    'pipenv',
    '--poetry-executable',
    'poetry',
    '--environment-directories',
    '/home/coder/project/.venv',
    '--environment-directories',
    '/home/coder/project/*/.venv'
  ]
}
2026-08-12 20:36:28.604 [warning] No Python environments were found. Try running "Python Environments: Run Python Environment Tool (PET) in Terminal..." from the Command Palette to diagnose. If environments should be detected, please report this: https://github.com/microsoft/vscode-python-environments/issues/new
