2026-08-12 20:24:13.299 [info] Python-envs extension version: 1.36.0
2026-08-12 20:24:13.299 [info] 
=== Python Envs Configuration Levels ===
2026-08-12 20:24:13.299 [info] {
  "section": "Python Envs Configuration Levels",
  "defaultEnvManager": {
    "workspaceFolderValue": "undefined",
    "workspaceValue": "undefined",
    "globalValue": "undefined",
    "defaultValue": "ms-python.python:venv"
  },
  "defaultPackageManager": {
    "workspaceFolderValue": "undefined",
    "workspaceValue": "undefined",
    "globalValue": "undefined",
    "defaultValue": "ms-python.python:pip"
  }
}
2026-08-12 20:24:13.299 [info] [pet] Starting Python Locator /home/coder/project/.vscode-data/extensions/ms-python.python-2026.4.0-universal/python-env-tools/bin/pet server
2026-08-12 20:24:13.299 [info] Registering pyenv manager (environments will be discovered lazily)
2026-08-12 20:24:13.299 [info] Registering pipenv manager (environments will be discovered lazily)
2026-08-12 20:24:13.299 [info] Registering poetry manager (environments will be discovered lazily)
2026-08-12 20:24:13.299 [error] [pet] Process error: A system error occurred (spawn /home/coder/project/.vscode-data/extensions/ms-python.python-2026.4.0-universal/python-env-tools/bin/pet ENOENT)
2026-08-12 20:24:13.299 [warning] [pet] Restarting Python Environment Tools (attempt 1/3, waiting 1000ms)
2026-08-12 20:24:14.271 [info] [pet] Starting Python Locator /home/coder/project/.vscode-data/extensions/ms-python.python-2026.4.0-universal/python-env-tools/bin/pet server
2026-08-12 20:24:14.271 [info] [pet] Python Environment Tools restarted successfully
2026-08-12 20:24:14.279 [info] [pet] configure: Sending configuration update: {"workspaceDirectories":["/home/coder/project"],"environmentDirectories":["/home/coder/project/.venv","/home/coder/project/*/.venv"],"pipenvExecutable":"pipenv","poetryExecutable":"poetry","cacheDirectory":"/home/coder/project/.vscode-data/data/User/globalStorage/ms-python.vscode-python-envs/pythonLocator"}
2026-08-12 20:24:14.281 [error] [pet] Process error: A system error occurred (spawn /home/coder/project/.vscode-data/extensions/ms-python.python-2026.4.0-universal/python-env-tools/bin/pet ENOENT)
2026-08-12 20:24:45.320 [warning] [pet] Configure request timed out (attempt 1/2), will retry on next request without killing process
2026-08-12 20:24:45.322 [error] [pet] Error refreshing Request 'configure' timed out after 30000ms
2026-08-12 20:24:45.330 [info] Conda not found, turning off conda features. [M: Request 'configure' timed out after 30000ms
	at Timeout.<anonymous> (/home/coder/project/.vscode-data/extensions/ms-python.vscode-python-envs-1.36.0-universal/dist/extension.js:2:571177)
	at listOnTimeout (node:internal/timers:605:17)
	at process.processTimers (node:internal/timers:541:7)] {
  method: 'configure'
}
2026-08-12 20:24:45.335 [info] [interpreterSelection] Applying initial environment selection for 1 workspace folder(s)
2026-08-12 20:24:45.336 [warning] [pet] Restarting Python Environment Tools (attempt 2/3, waiting 2000ms)
2026-08-12 20:24:47.340 [info] [pet] Starting Python Locator /home/coder/project/.vscode-data/extensions/ms-python.python-2026.4.0-universal/python-env-tools/bin/pet server
2026-08-12 20:24:47.340 [info] [pet] Python Environment Tools restarted successfully
2026-08-12 20:24:47.344 [info] [pet] configure: Sending configuration update: {"workspaceDirectories":["/home/coder/project"],"environmentDirectories":["/home/coder/project/.venv","/home/coder/project/*/.venv"],"pipenvExecutable":"pipenv","poetryExecutable":"poetry","cacheDirectory":"/home/coder/project/.vscode-data/data/User/globalStorage/ms-python.vscode-python-envs/pythonLocator"}
2026-08-12 20:24:47.344 [error] [pet] Process error: A system error occurred (spawn /home/coder/project/.vscode-data/extensions/ms-python.python-2026.4.0-universal/python-env-tools/bin/pet ENOENT)
2026-08-12 20:25:18.672 [warning] [pet] Configure request timed out (attempt 1/2), will retry on next request without killing process
2026-08-12 20:25:18.673 [error] [pet] Error refreshing Request 'configure' timed out after 30000ms
2026-08-12 20:25:18.680 [error] [venv] Background initialization failed: [M: Request 'configure' timed out after 30000ms
	at Timeout.<anonymous> (/home/coder/project/.vscode-data/extensions/ms-python.vscode-python-envs-1.36.0-universal/dist/extension.js:2:571177)
	at listOnTimeout (node:internal/timers:605:17)
	at process.processTimers (node:internal/timers:541:7)] {
  method: 'configure'
}
2026-08-12 20:25:18.682 [warning] [pet] Restarting Python Environment Tools (attempt 3/3, waiting 4000ms)
2026-08-12 20:25:22.687 [info] [pet] Starting Python Locator /home/coder/project/.vscode-data/extensions/ms-python.python-2026.4.0-universal/python-env-tools/bin/pet server
2026-08-12 20:25:22.687 [info] [pet] Python Environment Tools restarted successfully
2026-08-12 20:25:22.691 [info] [pet] configure: Sending configuration update: {"workspaceDirectories":["/home/coder/project"],"environmentDirectories":["/home/coder/project/.venv","/home/coder/project/*/.venv"],"pipenvExecutable":"pipenv","poetryExecutable":"poetry","cacheDirectory":"/home/coder/project/.vscode-data/data/User/globalStorage/ms-python.vscode-python-envs/pythonLocator"}
2026-08-12 20:25:22.691 [error] [pet] Process error: A system error occurred (spawn /home/coder/project/.vscode-data/extensions/ms-python.python-2026.4.0-universal/python-env-tools/bin/pet ENOENT)
2026-08-12 20:25:53.822 [warning] [pet] Configure request timed out (attempt 1/2), will retry on next request without killing process
2026-08-12 20:25:53.823 [error] [pet] Error refreshing Request 'configure' timed out after 30000ms
2026-08-12 20:25:53.825 [warning] [pet] Server mode exhausted, falling back to JSON CLI for refresh
2026-08-12 20:25:53.839 [info] [pet] JSON CLI fallback refresh: /home/coder/project/.vscode-data/extensions/ms-python.python-2026.4.0-universal/python-env-tools/bin/pet find --json /home/coder/project --cache-directory /home/coder/project/.vscode-data/data/User/globalStorage/ms-python.vscode-python-envs/pythonLocator --pipenv-executable pipenv --poetry-executable poetry --environment-directories /home/coder/project/.venv --environment-directories /home/coder/project/*/.venv
2026-08-12 20:25:53.841 [error] [pet] JSON CLI fallback refresh failed: A system error occurred (spawn /home/coder/project/.vscode-data/extensions/ms-python.python-2026.4.0-universal/python-env-tools/bin/pet ENOENT)
2026-08-12 20:25:53.844 [error] [system] Background initialization failed: [Error: spawn /home/coder/project/.vscode-data/extensions/ms-python.python-2026.4.0-universal/python-env-tools/bin/pet ENOENT
	at ChildProcess._handle.onexit (node:internal/child_process:287:19)
	at onErrorNT (node:internal/child_process:508:16)
	at process.processTicksAndRejections (node:internal/process/task_queues:90:21)] {
  errno: -2,
  code: 'ENOENT',
  syscall: 'spawn /home/coder/project/.vscode-data/extensions/ms-python.python-2026.4.0-universal/python-env-tools/bin/pet',
  path: '/home/coder/project/.vscode-data/extensions/ms-python.python-2026.4.0-universal/python-env-tools/bin/pet',
  spawnargs: [
    'find',
    '--json',
    '/home/coder/project',
    '--cache-directory',
    '/home/coder/project/.vscode-data/data/User/globalStorage/ms-python.vscode-python-envs/pythonLocator',
    '--pipenv-executable',
    'pipenv',
    '--poetry-executable',
    'poetry',
    '--environment-directories',
    '/home/coder/project/.venv',
    '--environment-directories',
    '/home/coder/project/*/.venv'
  ]
}
2026-08-12 20:25:53.844 [info] [SYS_GET] uri=/home/coder/project, normalizedKey=/home/coder/project, project=/home/coder/project, projectKey=/home/coder/project, mapKeys=[], directHit=false, projectHit=false, fallbackToGlobal=true, globalEnv=none
2026-08-12 20:25:53.907 [info] [interpreterSelection] project: none (source: autoDiscovery)
2026-08-12 20:25:53.908 [warning] [pet] Server mode exhausted, falling back to JSON CLI for refresh
2026-08-12 20:25:53.913 [info] [pet] JSON CLI fallback refresh: /home/coder/project/.vscode-data/extensions/ms-python.python-2026.4.0-universal/python-env-tools/bin/pet find --json /home/coder/project --cache-directory /home/coder/project/.vscode-data/data/User/globalStorage/ms-python.vscode-python-envs/pythonLocator --pipenv-executable pipenv --poetry-executable poetry --environment-directories /home/coder/project/.venv --environment-directories /home/coder/project/*/.venv
2026-08-12 20:25:53.919 [error] [pet] JSON CLI fallback refresh failed: A system error occurred (spawn /home/coder/project/.vscode-data/extensions/ms-python.python-2026.4.0-universal/python-env-tools/bin/pet ENOENT)
2026-08-12 20:25:53.922 [error] [system] Background initialization failed: [Error: spawn /home/coder/project/.vscode-data/extensions/ms-python.python-2026.4.0-universal/python-env-tools/bin/pet ENOENT
	at ChildProcess._handle.onexit (node:internal/child_process:287:19)
	at onErrorNT (node:internal/child_process:508:16)
	at process.processTicksAndRejections (node:internal/process/task_queues:90:21)] {
  errno: -2,
  code: 'ENOENT',
  syscall: 'spawn /home/coder/project/.vscode-data/extensions/ms-python.python-2026.4.0-universal/python-env-tools/bin/pet',
  path: '/home/coder/project/.vscode-data/extensions/ms-python.python-2026.4.0-universal/python-env-tools/bin/pet',
  spawnargs: [
    'find',
    '--json',
    '/home/coder/project',
    '--cache-directory',
    '/home/coder/project/.vscode-data/data/User/globalStorage/ms-python.vscode-python-envs/pythonLocator',
    '--pipenv-executable',
    'pipenv',
    '--poetry-executable',
    'poetry',
    '--environment-directories',
    '/home/coder/project/.venv',
    '--environment-directories',
    '/home/coder/project/*/.venv'
  ]
}
2026-08-12 20:25:53.970 [warning] [pet] Server mode exhausted, falling back to JSON CLI for refresh
2026-08-12 20:25:53.974 [info] [pet] JSON CLI fallback refresh: /home/coder/project/.vscode-data/extensions/ms-python.python-2026.4.0-universal/python-env-tools/bin/pet find --json /home/coder/project --cache-directory /home/coder/project/.vscode-data/data/User/globalStorage/ms-python.vscode-python-envs/pythonLocator --pipenv-executable pipenv --poetry-executable poetry --environment-directories /home/coder/project/.venv --environment-directories /home/coder/project/*/.venv
2026-08-12 20:25:53.974 [error] [pet] JSON CLI fallback refresh failed: A system error occurred (spawn /home/coder/project/.vscode-data/extensions/ms-python.python-2026.4.0-universal/python-env-tools/bin/pet ENOENT)
2026-08-12 20:25:53.980 [error] [interpreterSelection] Failed to set global environment: Error: spawn /home/coder/project/.vscode-data/extensions/ms-python.python-2026.4.0-universal/python-env-tools/bin/pet ENOENT
2026-08-12 20:25:53.989 [warning] [pet] Server mode exhausted, falling back to JSON CLI for refresh
2026-08-12 20:25:53.994 [info] [pet] JSON CLI fallback refresh: /home/coder/project/.vscode-data/extensions/ms-python.python-2026.4.0-universal/python-env-tools/bin/pet find --json /home/coder/project --cache-directory /home/coder/project/.vscode-data/data/User/globalStorage/ms-python.vscode-python-envs/pythonLocator --pipenv-executable pipenv --poetry-executable poetry --environment-directories /home/coder/project/.venv --environment-directories /home/coder/project/*/.venv
2026-08-12 20:25:53.995 [error] [pet] JSON CLI fallback refresh failed: A system error occurred (spawn /home/coder/project/.vscode-data/extensions/ms-python.python-2026.4.0-universal/python-env-tools/bin/pet ENOENT)
2026-08-12 20:25:53.998 [error] [venv] Background initialization failed: [Error: spawn /home/coder/project/.vscode-data/extensions/ms-python.python-2026.4.0-universal/python-env-tools/bin/pet ENOENT
	at ChildProcess._handle.onexit (node:internal/child_process:287:19)
	at onErrorNT (node:internal/child_process:508:16)
	at process.processTicksAndRejections (node:internal/process/task_queues:90:21)] {
  errno: -2,
  code: 'ENOENT',
  syscall: 'spawn /home/coder/project/.vscode-data/extensions/ms-python.python-2026.4.0-universal/python-env-tools/bin/pet',
  path: '/home/coder/project/.vscode-data/extensions/ms-python.python-2026.4.0-universal/python-env-tools/bin/pet',
  spawnargs: [
    'find',
    '--json',
    '/home/coder/project',
    '--cache-directory',
    '/home/coder/project/.vscode-data/data/User/globalStorage/ms-python.vscode-python-envs/pythonLocator',
    '--pipenv-executable',
    'pipenv',
    '--poetry-executable',
    'poetry',
    '--environment-directories',
    '/home/coder/project/.venv',
    '--environment-directories',
    '/home/coder/project/*/.venv'
  ]
}
2026-08-12 20:25:54.002 [warning] [pet] Server mode exhausted, falling back to JSON CLI for refresh
2026-08-12 20:25:54.007 [info] [pet] JSON CLI fallback refresh: /home/coder/project/.vscode-data/extensions/ms-python.python-2026.4.0-universal/python-env-tools/bin/pet find --json /home/coder/project --cache-directory /home/coder/project/.vscode-data/data/User/globalStorage/ms-python.vscode-python-envs/pythonLocator --pipenv-executable pipenv --poetry-executable poetry --environment-directories /home/coder/project/.venv --environment-directories /home/coder/project/*/.venv
2026-08-12 20:25:54.008 [error] [pet] JSON CLI fallback refresh failed: A system error occurred (spawn /home/coder/project/.vscode-data/extensions/ms-python.python-2026.4.0-universal/python-env-tools/bin/pet ENOENT)
2026-08-12 20:25:54.012 [error] [venv] Background initialization failed: [Error: spawn /home/coder/project/.vscode-data/extensions/ms-python.python-2026.4.0-universal/python-env-tools/bin/pet ENOENT
	at ChildProcess._handle.onexit (node:internal/child_process:287:19)
	at onErrorNT (node:internal/child_process:508:16)
	at process.processTicksAndRejections (node:internal/process/task_queues:90:21)] {
  errno: -2,
  code: 'ENOENT',
  syscall: 'spawn /home/coder/project/.vscode-data/extensions/ms-python.python-2026.4.0-universal/python-env-tools/bin/pet',
  path: '/home/coder/project/.vscode-data/extensions/ms-python.python-2026.4.0-universal/python-env-tools/bin/pet',
  spawnargs: [
    'find',
    '--json',
    '/home/coder/project',
    '--cache-directory',
    '/home/coder/project/.vscode-data/data/User/globalStorage/ms-python.vscode-python-envs/pythonLocator',
    '--pipenv-executable',
    'pipenv',
    '--poetry-executable',
    'poetry',
    '--environment-directories',
    '/home/coder/project/.venv',
    '--environment-directories',
    '/home/coder/project/*/.venv'
  ]
}
2026-08-12 20:25:54.015 [warning] [pet] Server mode exhausted, falling back to JSON CLI for refresh
2026-08-12 20:25:54.025 [info] [pet] JSON CLI fallback refresh: /home/coder/project/.vscode-data/extensions/ms-python.python-2026.4.0-universal/python-env-tools/bin/pet find --json /home/coder/project --cache-directory /home/coder/project/.vscode-data/data/User/globalStorage/ms-python.vscode-python-envs/pythonLocator --pipenv-executable pipenv --poetry-executable poetry --environment-directories /home/coder/project/.venv --environment-directories /home/coder/project/*/.venv
2026-08-12 20:25:54.026 [error] [pet] JSON CLI fallback refresh failed: A system error occurred (spawn /home/coder/project/.vscode-data/extensions/ms-python.python-2026.4.0-universal/python-env-tools/bin/pet ENOENT)
2026-08-12 20:25:54.044 [info] Refreshing pyenv environments
2026-08-12 20:25:54.046 [warning] [pet] Server mode exhausted, falling back to JSON CLI for refresh
2026-08-12 20:25:54.050 [info] [pet] JSON CLI fallback refresh: /home/coder/project/.vscode-data/extensions/ms-python.python-2026.4.0-universal/python-env-tools/bin/pet find --json /home/coder/project --cache-directory /home/coder/project/.vscode-data/data/User/globalStorage/ms-python.vscode-python-envs/pythonLocator --pipenv-executable pipenv --poetry-executable poetry --environment-directories /home/coder/project/.venv --environment-directories /home/coder/project/*/.venv
2026-08-12 20:25:54.051 [error] [pet] JSON CLI fallback refresh failed: A system error occurred (spawn /home/coder/project/.vscode-data/extensions/ms-python.python-2026.4.0-universal/python-env-tools/bin/pet ENOENT)
2026-08-12 20:25:54.053 [error] Pyenv lazy initialization failed [Error: spawn /home/coder/project/.vscode-data/extensions/ms-python.python-2026.4.0-universal/python-env-tools/bin/pet ENOENT
	at ChildProcess._handle.onexit (node:internal/child_process:287:19)
	at onErrorNT (node:internal/child_process:508:16)
	at process.processTicksAndRejections (node:internal/process/task_queues:90:21)] {
  errno: -2,
  code: 'ENOENT',
  syscall: 'spawn /home/coder/project/.vscode-data/extensions/ms-python.python-2026.4.0-universal/python-env-tools/bin/pet',
  path: '/home/coder/project/.vscode-data/extensions/ms-python.python-2026.4.0-universal/python-env-tools/bin/pet',
  spawnargs: [
    'find',
    '--json',
    '/home/coder/project',
    '--cache-directory',
    '/home/coder/project/.vscode-data/data/User/globalStorage/ms-python.vscode-python-envs/pythonLocator',
    '--pipenv-executable',
    'pipenv',
    '--poetry-executable',
    'poetry',
    '--environment-directories',
    '/home/coder/project/.venv',
    '--environment-directories',
    '/home/coder/project/*/.venv'
  ]
}
2026-08-12 20:25:54.063 [info] Pipenv not found via settings, cache, or PATH
2026-08-12 20:25:54.064 [info] Refreshing pipenv environments
2026-08-12 20:25:54.066 [warning] [pet] Server mode exhausted, falling back to JSON CLI for refresh
2026-08-12 20:25:54.073 [info] [pet] JSON CLI fallback refresh: /home/coder/project/.vscode-data/extensions/ms-python.python-2026.4.0-universal/python-env-tools/bin/pet find --json /home/coder/project --cache-directory /home/coder/project/.vscode-data/data/User/globalStorage/ms-python.vscode-python-envs/pythonLocator --pipenv-executable pipenv --poetry-executable poetry --environment-directories /home/coder/project/.venv --environment-directories /home/coder/project/*/.venv
2026-08-12 20:25:54.074 [error] [pet] JSON CLI fallback refresh failed: A system error occurred (spawn /home/coder/project/.vscode-data/extensions/ms-python.python-2026.4.0-universal/python-env-tools/bin/pet ENOENT)
2026-08-12 20:25:54.083 [error] Pipenv lazy initialization failed [Error: spawn /home/coder/project/.vscode-data/extensions/ms-python.python-2026.4.0-universal/python-env-tools/bin/pet ENOENT
	at ChildProcess._handle.onexit (node:internal/child_process:287:19)
	at onErrorNT (node:internal/child_process:508:16)
	at process.processTicksAndRejections (node:internal/process/task_queues:90:21)] {
  errno: -2,
  code: 'ENOENT',
  syscall: 'spawn /home/coder/project/.vscode-data/extensions/ms-python.python-2026.4.0-universal/python-env-tools/bin/pet',
  path: '/home/coder/project/.vscode-data/extensions/ms-python.python-2026.4.0-universal/python-env-tools/bin/pet',
  spawnargs: [
    'find',
    '--json',
    '/home/coder/project',
    '--cache-directory',
    '/home/coder/project/.vscode-data/data/User/globalStorage/ms-python.vscode-python-envs/pythonLocator',
    '--pipenv-executable',
    'pipenv',
    '--poetry-executable',
    'poetry',
    '--environment-directories',
    '/home/coder/project/.venv',
    '--environment-directories',
    '/home/coder/project/*/.venv'
  ]
}
2026-08-12 20:25:54.093 [info] Refreshing poetry environments
2026-08-12 20:25:54.096 [warning] [pet] Server mode exhausted, falling back to JSON CLI for refresh
2026-08-12 20:25:54.100 [info] [pet] JSON CLI fallback refresh: /home/coder/project/.vscode-data/extensions/ms-python.python-2026.4.0-universal/python-env-tools/bin/pet find --json /home/coder/project --cache-directory /home/coder/project/.vscode-data/data/User/globalStorage/ms-python.vscode-python-envs/pythonLocator --pipenv-executable pipenv --poetry-executable poetry --environment-directories /home/coder/project/.venv --environment-directories /home/coder/project/*/.venv
2026-08-12 20:25:54.101 [error] [pet] JSON CLI fallback refresh failed: A system error occurred (spawn /home/coder/project/.vscode-data/extensions/ms-python.python-2026.4.0-universal/python-env-tools/bin/pet ENOENT)
2026-08-12 20:25:54.105 [error] Poetry lazy initialization failed [Error: spawn /home/coder/project/.vscode-data/extensions/ms-python.python-2026.4.0-universal/python-env-tools/bin/pet ENOENT
	at ChildProcess._handle.onexit (node:internal/child_process:287:19)
	at onErrorNT (node:internal/child_process:508:16)
	at process.processTicksAndRejections (node:internal/process/task_queues:90:21)] {
  errno: -2,
  code: 'ENOENT',
  syscall: 'spawn /home/coder/project/.vscode-data/extensions/ms-python.python-2026.4.0-universal/python-env-tools/bin/pet',
  path: '/home/coder/project/.vscode-data/extensions/ms-python.python-2026.4.0-universal/python-env-tools/bin/pet',
  spawnargs: [
    'find',
    '--json',
    '/home/coder/project',
    '--cache-directory',
    '/home/coder/project/.vscode-data/data/User/globalStorage/ms-python.vscode-python-envs/pythonLocator',
    '--pipenv-executable',
    'pipenv',
    '--poetry-executable',
    'poetry',
    '--environment-directories',
    '/home/coder/project/.venv',
    '--environment-directories',
    '/home/coder/project/*/.venv'
  ]
}
2026-08-12 20:25:54.105 [warning] No Python environments were found. Try running "Python Environments: Run Python Environment Tool (PET) in Terminal..." from the Command Palette to diagnose. If environments should be detected, please report this: https://github.com/microsoft/vscode-python-environments/issues/new
